
> edutoolkit-certificados@0.1.0 test
> jest src/app/api/__tests__/integration_flows.test.ts

node.exe : FAIL src/app/api/__tests__/integration_flows.test.ts
En línea: 1 Carácter: 1
+ & "C:\Program Files\nodejs/node.exe" "C:\Program Files\nodejs/node_mo ...
+ ~~~~~~~~~~~~~~~~~~~~~~~~~~~~~~~~~~~~~~~~~~~~~~~~~~~~~~~~~~~~~~~~~~~~~
    + CategoryInfo          : NotSpecified: (FAIL src/app/ap...n_flows.test.ts:String) [], Remo 
   teException
    + FullyQualifiedErrorId : NativeCommandError
 
  Tests Cr├¡ticos: Cursos y Certificados Masivos
    POST /api/courses (Crear Curso)
      ├ù Debe crear un curso correctamente cuando los datos son v├ílidos y no hay duplicados (7 
ms)
    DELETE /api/courses/[id] (Eliminar Curso)
      ├ù Debe eliminar un curso existente si se tienen permisos (3 ms)
      ├ù Debe fallar si el curso no existe (1 ms)
    POST /api/certificates (Crear Certificado)
      ├ù Debe crear un certificado correctamente (3 ms)
    PUT /api/certificates/bulk (Actualizaci├│n Masiva)
      ├ù Debe actualizar el estado de varios certificados (2 ms)

  ÔùÅ Tests Cr├¡ticos: Cursos y Certificados Masivos ÔÇ║ POST /api/courses (Crear Curso) ÔÇ║ 
Debe crear un curso correctamente cuando los datos son v├ílidos y no hay duplicados

    TypeError: Cannot set property url of #<NextRequest> which has only a getter

    [0m [90m  5 |[39m global[33m.[39m[33mRequest[39m [33m=[39m [36mclass[39m 
[33mRequest[39m {
     [90m  6 |[39m   constructor(input[33m,[39m init) {
    [31m[1m>[22m[39m[90m  7 |[39m     [36mthis[39m[33m.[39murl [33m=[39m 
[36mtypeof[39m input [33m===[39m [32m'string'[39m [33m?[39m input [33m:[39m 
input[33m.[39murl[33m;[39m
     [90m    |[39m             [31m[1m^[22m[39m
     [90m  8 |[39m     [36mthis[39m[33m.[39mmethod [33m=[39m 
init[33m?[39m[33m.[39mmethod [33m||[39m [32m'GET'[39m[33m;[39m
     [90m  9 |[39m     [36mthis[39m[33m.[39mheaders [33m=[39m [36mnew[39m 
[33mHeaders[39m(init[33m?[39m[33m.[39mheaders)[33m;[39m
     [90m 10 |[39m   }[0m

      at new Request (jest.setup.js:7:13)
      at new NextRequest (node_modules/next/src/server/web/spec-extension/request.ts:39:10)
      at Object.<anonymous> (src/app/api/__tests__/integration_flows.test.ts:126:25)

  ÔùÅ Tests Cr├¡ticos: Cursos y Certificados Masivos ÔÇ║ DELETE /api/courses/[id] (Eliminar 
Curso) ÔÇ║ Debe eliminar un curso existente si se tienen permisos

    TypeError: Cannot set property url of #<NextRequest> which has only a getter

    [0m [90m  5 |[39m global[33m.[39m[33mRequest[39m [33m=[39m [36mclass[39m 
[33mRequest[39m {
     [90m  6 |[39m   constructor(input[33m,[39m init) {
    [31m[1m>[22m[39m[90m  7 |[39m     [36mthis[39m[33m.[39murl [33m=[39m 
[36mtypeof[39m input [33m===[39m [32m'string'[39m [33m?[39m input [33m:[39m 
input[33m.[39murl[33m;[39m
     [90m    |[39m             [31m[1m^[22m[39m
     [90m  8 |[39m     [36mthis[39m[33m.[39mmethod [33m=[39m 
init[33m?[39m[33m.[39mmethod [33m||[39m [32m'GET'[39m[33m;[39m
     [90m  9 |[39m     [36mthis[39m[33m.[39mheaders [33m=[39m [36mnew[39m 
[33mHeaders[39m(init[33m?[39m[33m.[39mheaders)[33m;[39m
     [90m 10 |[39m   }[0m

      at new Request (jest.setup.js:7:13)
      at new NextRequest (node_modules/next/src/server/web/spec-extension/request.ts:39:10)
      at Object.<anonymous> (src/app/api/__tests__/integration_flows.test.ts:164:25)

  ÔùÅ Tests Cr├¡ticos: Cursos y Certificados Masivos ÔÇ║ DELETE /api/courses/[id] (Eliminar 
Curso) ÔÇ║ Debe fallar si el curso no existe

    TypeError: Cannot set property url of #<NextRequest> which has only a getter

    [0m [90m  5 |[39m global[33m.[39m[33mRequest[39m [33m=[39m [36mclass[39m 
[33mRequest[39m {
     [90m  6 |[39m   constructor(input[33m,[39m init) {
    [31m[1m>[22m[39m[90m  7 |[39m     [36mthis[39m[33m.[39murl [33m=[39m 
[36mtypeof[39m input [33m===[39m [32m'string'[39m [33m?[39m input [33m:[39m 
input[33m.[39murl[33m;[39m
     [90m    |[39m             [31m[1m^[22m[39m
     [90m  8 |[39m     [36mthis[39m[33m.[39mmethod [33m=[39m 
init[33m?[39m[33m.[39mmethod [33m||[39m [32m'GET'[39m[33m;[39m
     [90m  9 |[39m     [36mthis[39m[33m.[39mheaders [33m=[39m [36mnew[39m 
[33mHeaders[39m(init[33m?[39m[33m.[39mheaders)[33m;[39m
     [90m 10 |[39m   }[0m

      at new Request (jest.setup.js:7:13)
      at new NextRequest (node_modules/next/src/server/web/spec-extension/request.ts:39:10)
      at Object.<anonymous> (src/app/api/__tests__/integration_flows.test.ts:191:25)

  ÔùÅ Tests Cr├¡ticos: Cursos y Certificados Masivos ÔÇ║ POST /api/certificates (Crear 
Certificado) ÔÇ║ Debe crear un certificado correctamente

    TypeError: Cannot set property url of #<NextRequest> which has only a getter

    [0m [90m  5 |[39m global[33m.[39m[33mRequest[39m [33m=[39m [36mclass[39m 
[33mRequest[39m {
     [90m  6 |[39m   constructor(input[33m,[39m init) {
    [31m[1m>[22m[39m[90m  7 |[39m     [36mthis[39m[33m.[39murl [33m=[39m 
[36mtypeof[39m input [33m===[39m [32m'string'[39m [33m?[39m input [33m:[39m 
input[33m.[39murl[33m;[39m
     [90m    |[39m             [31m[1m^[22m[39m
     [90m  8 |[39m     [36mthis[39m[33m.[39mmethod [33m=[39m 
init[33m?[39m[33m.[39mmethod [33m||[39m [32m'GET'[39m[33m;[39m
     [90m  9 |[39m     [36mthis[39m[33m.[39mheaders [33m=[39m [36mnew[39m 
[33mHeaders[39m(init[33m?[39m[33m.[39mheaders)[33m;[39m
     [90m 10 |[39m   }[0m

      at new Request (jest.setup.js:7:13)
      at new NextRequest (node_modules/next/src/server/web/spec-extension/request.ts:39:10)
      at Object.<anonymous> (src/app/api/__tests__/integration_flows.test.ts:235:25)

  ÔùÅ Tests Cr├¡ticos: Cursos y Certificados Masivos ÔÇ║ PUT /api/certificates/bulk 
(Actualizaci├│n Masiva) ÔÇ║ Debe actualizar el estado de varios certificados

    TypeError: Cannot set property url of #<NextRequest> which has only a getter

    [0m [90m  5 |[39m global[33m.[39m[33mRequest[39m [33m=[39m [36mclass[39m 
[33mRequest[39m {
     [90m  6 |[39m   constructor(input[33m,[39m init) {
    [31m[1m>[22m[39m[90m  7 |[39m     [36mthis[39m[33m.[39murl [33m=[39m 
[36mtypeof[39m input [33m===[39m [32m'string'[39m [33m?[39m input [33m:[39m 
input[33m.[39murl[33m;[39m
     [90m    |[39m             [31m[1m^[22m[39m
     [90m  8 |[39m     [36mthis[39m[33m.[39mmethod [33m=[39m 
init[33m?[39m[33m.[39mmethod [33m||[39m [32m'GET'[39m[33m;[39m
     [90m  9 |[39m     [36mthis[39m[33m.[39mheaders [33m=[39m [36mnew[39m 
[33mHeaders[39m(init[33m?[39m[33m.[39mheaders)[33m;[39m
     [90m 10 |[39m   }[0m

      at new Request (jest.setup.js:7:13)
      at new NextRequest (node_modules/next/src/server/web/spec-extension/request.ts:39:10)
      at Object.<anonymous> (src/app/api/__tests__/integration_flows.test.ts:277:25)

Test Suites: 1 failed, 1 total
Tests:       5 failed, 5 total
Snapshots:   0 total
Time:        0.49 s, estimated 1 s
Ran all test suites matching src/app/api/__tests__/integration_flows.test.ts.
